// Jest Snapshot v1, https://goo.gl/fbAQLP

exports[`App matches snapshot 1`] = `
<div
  className="App"
>
  <div>
    <h1>
      카운터
    </h1>
    <h2>
      1
    </h2>
    <button
      onClick={[Function]}
    >
      +
    </button>
    <button
      onClick={[Function]}
    >
      -
    </button>
  </div>
  <hr />
  <h1>
    이름 목록
  </h1>
  <form
    onSubmit={[Function]}
  >
    <label>
      이름
    </label>
    <input
      onChange={[Function]}
      type="text"
      value=""
    />
    <button
      type="submit"
    >
      등록
    </button>
  </form>
  <ul>
    <li>
      김준태
    </li>
    <li>
      bosco
    </li>
  </ul>
</div>
`;
