// Jest Snapshot v1, https://goo.gl/fbAQLP

exports[`NameList matches snapshot 1`] = `
<ul>
  <li>
    김준태
  </li>
  <li>
    bosco
  </li>
</ul>
`;
