// Jest Snapshot v1, https://goo.gl/fbAQLP

exports[`App matches snapshot 1`] = `
<div>
  <Connect(CounterContainer) />
  <hr />
  <h1>
    이름 목록
  </h1>
  <Connect(NamesContainer) />
  <hr />
  <Connect(PostContainer) />
</div>
`;
